GPU_EXEC_START avail_kb=63190296 gtt=18636800
ggml_cuda_init: found 1 ROCm devices (Total VRAM: 98304 MiB):
  Device 0: Radeon 8060S Graphics, gfx1151 (0x1151), VMM: no, Wave Size: 32, VRAM: 98304 MiB
[qwen4exp] exact BF16 router shadows: 48/48 layers, 120.00 MiB
[qwen4exp] qwen4exp trunk loaded: 48 layers (36 linear + 12 full), 1222 tensors 76.23 GiB from 4 shard(s), experts=10/512 hc=4/320 ple_layers=1 ngram=3 heads_per_ngram=8 table_rows=320001536 eos=248046
[qwen4exp] cache: integrated GPU detected, graph inputs will be ring-buffered in pinned host memory
[qwen4exp] cache: 12 full + 36 linear layers, kv=f16 192.00 MiB @ ctx=8192, ssm_state 108.0 MiB, conv_state 4.2 MiB
[schedule] kind=warm rep=0 mode=0 prefill_lo=4 prefill_producer_hc=4
[shared-epilogue-capture] uid=1 mode=0 sites=0
[hc-upmix-row8-capture] uid=1 mode=1 sites=96
[shared-epilogue-capture] uid=2 mode=0 sites=0
[hc-upmix-row8-capture] uid=2 mode=1 sites=96
[shared_epilogue_counts] rep=0 mode=0 host=0 replay=0 logical=0 skipped_pairs_host=0
[upmix_row8_counts] rep=0 mode=0 host=384 replay=24192 logical=24576
[graph_producer_q8_counts] rep=0 mode=0 eager=2 capture=2 replay=252 seals=2 expert_host=384 sh_host=192 sh_logical=12288 hc_host=380 hc_replay=23940 hc_logical=24320 lo_host=388 lo_replay=24444 lo_logical=24832 ab_host=144 ab_replay=9072 ab_logical=9216 producer_gdn_host=144 producer_gdn_replay=9072 producer_gdn_logical=9216 producer_hc_host=380 producer_hc_replay=23940 producer_hc_logical=24320
[warm] rep=0 mode=0 tokens=256 decode_ms=10147.459867 ms_token=39.638515
[warm_tokens] rep=0 mode=0 27775 383 279 1970 3766 11 279 2972 12610 4818 6607 1105 332 369 279 2972 65777 1881 16923 85958 59780 318 44 4100 8 31255 11 6907 24693 11 321 1528 58377 2261 279 16401 9956 159034 271 1919 369 328 12610 4818 1 1521 424 17077 25 198 16 13 220 2972 8068 21473 29913 64700 31625 286 5081 3725 10885 27718 74 63 61444 553 198 17 13 220 2972 36079 20195 663 64700 561 1558 2493 4054 1132 1010 314 279 61444 318 68 1257 2487 4054 220 17 680 314 220 20 553 198 18 13 220 2972 1349 7065 45522 64700 561 81726 6297 321 7920 5134 1902 381 21748 1142 310 279 4581 1406 314 279 1483 348 52742 9 3817 11 2476 27482 279 63520 1528 364 279 17030 10885 13 198 19 13 220 2972 44 4100 16169 6702 3130 64700 561 380 4100 1901 30941 1141 1765 7920 1528 27718 76 765 1469 31789 321 3817 3712 27718 76 765 73555 31789 864 1902 381 20808 440 279 1822 36076 579 1528 1238 264 58377 13 198 20 13 220 2972 76867 14 6322 41173 473 64700 5788 411 3050 2424 369 16401 11 279 1510 13216 63 12102 4774 3203 829 7320 11 7063 279 1528 1902 381 21094 2272 85364 466 6150 11540 22005 13 271 8160 369 279 2923 13909 28253 31626 314 1204 279 1970 13081 411 6607 1105 25 271 13962 14392 220 16 25 10636 21473 27632 22738 198 760
[schedule] kind=warm rep=1 mode=1 prefill_lo=4 prefill_producer_hc=4
[shared-epilogue-capture] uid=3 mode=1 sites=48
[hc-upmix-row8-capture] uid=3 mode=1 sites=96
[shared-epilogue-capture] uid=4 mode=1 sites=48
[hc-upmix-row8-capture] uid=4 mode=1 sites=96
[shared_epilogue_counts] rep=1 mode=1 host=192 replay=12096 logical=12288 skipped_pairs_host=192
[upmix_row8_counts] rep=1 mode=1 host=384 replay=24192 logical=24576
[graph_producer_q8_counts] rep=1 mode=1 eager=2 capture=2 replay=252 seals=2 expert_host=384 sh_host=192 sh_logical=12288 hc_host=380 hc_replay=23940 hc_logical=24320 lo_host=388 lo_replay=24444 lo_logical=24832 ab_host=144 ab_replay=9072 ab_logical=9216 producer_gdn_host=144 producer_gdn_replay=9072 producer_gdn_logical=9216 producer_hc_host=380 producer_hc_replay=23940 producer_hc_logical=24320
[warm] rep=1 mode=1 tokens=256 decode_ms=9771.023774 ms_token=38.168062
[warm_tokens] rep=1 mode=1 27775 383 279 1970 3766 11 279 2972 12610 4818 6607 1105 332 369 279 2972 65777 1881 16923 85958 59780 318 44 4100 8 31255 11 6907 24693 11 321 1528 58377 2261 279 16401 9956 159034 271 1919 369 328 12610 4818 1 1521 424 17077 25 198 16 13 220 2972 8068 21473 29913 64700 31625 286 5081 3725 10885 27718 74 63 61444 553 198 17 13 220 2972 36079 20195 663 64700 561 1558 2493 4054 1132 1010 314 279 61444 318 68 1257 2487 4054 220 17 680 314 220 20 553 198 18 13 220 2972 1349 7065 45522 64700 561 81726 6297 321 7920 5134 1902 381 21748 1142 310 279 4581 1406 314 279 1483 348 52742 9 3817 11 2476 27482 279 63520 1528 364 279 17030 10885 13 198 19 13 220 2972 44 4100 16169 6702 3130 64700 561 380 4100 1901 30941 1141 1765 7920 1528 27718 76 765 1469 31789 321 3817 3712 27718 76 765 73555 31789 864 1902 381 20808 440 279 1822 36076 579 1528 1238 264 58377 13 198 20 13 220 2972 76867 14 6322 41173 473 64700 5788 411 3050 2424 369 16401 11 279 1510 13216 63 12102 4774 3203 829 7320 11 7063 279 1528 1902 381 21094 2272 85364 466 6150 11540 22005 13 271 8160 369 279 2923 13909 28253 31626 314 1204 279 1970 13081 411 6607 1105 25 271 13962 14392 220 16 25 10636 21473 27632 22738 198 760
[schedule] kind=measure rep=0 mode=0 prefill_lo=4 prefill_producer_hc=4
[shared-epilogue-capture] uid=5 mode=0 sites=0
[hc-upmix-row8-capture] uid=5 mode=1 sites=96
[shared-epilogue-capture] uid=6 mode=0 sites=0
[hc-upmix-row8-capture] uid=6 mode=1 sites=96
[shared_epilogue_counts] rep=0 mode=0 host=0 replay=0 logical=0 skipped_pairs_host=0
[upmix_row8_counts] rep=0 mode=0 host=384 replay=24192 logical=24576
[graph_producer_q8_counts] rep=0 mode=0 eager=2 capture=2 replay=252 seals=2 expert_host=384 sh_host=192 sh_logical=12288 hc_host=380 hc_replay=23940 hc_logical=24320 lo_host=388 lo_replay=24444 lo_logical=24832 ab_host=144 ab_replay=9072 ab_logical=9216 producer_gdn_host=144 producer_gdn_replay=9072 producer_gdn_logical=9216 producer_hc_host=380 producer_hc_replay=23940 producer_hc_logical=24320
[measure] rep=0 mode=0 tokens=256 decode_ms=9785.795099 ms_token=38.225762
[measure_tokens] rep=0 mode=0 27775 383 279 1970 3766 11 279 2972 12610 4818 6607 1105 332 369 279 2972 65777 1881 16923 85958 59780 318 44 4100 8 31255 11 6907 24693 11 321 1528 58377 2261 279 16401 9956 159034 271 1919 369 328 12610 4818 1 1521 424 17077 25 198 16 13 220 2972 8068 21473 29913 64700 31625 286 5081 3725 10885 27718 74 63 61444 553 198 17 13 220 2972 36079 20195 663 64700 561 1558 2493 4054 1132 1010 314 279 61444 318 68 1257 2487 4054 220 17 680 314 220 20 553 198 18 13 220 2972 1349 7065 45522 64700 561 81726 6297 321 7920 5134 1902 381 21748 1142 310 279 4581 1406 314 279 1483 348 52742 9 3817 11 2476 27482 279 63520 1528 364 279 17030 10885 13 198 19 13 220 2972 44 4100 16169 6702 3130 64700 561 380 4100 1901 30941 1141 1765 7920 1528 27718 76 765 1469 31789 321 3817 3712 27718 76 765 73555 31789 864 1902 381 20808 440 279 1822 36076 579 1528 1238 264 58377 13 198 20 13 220 2972 76867 14 6322 41173 473 64700 5788 411 3050 2424 369 16401 11 279 1510 13216 63 12102 4774 3203 829 7320 11 7063 279 1528 1902 381 21094 2272 85364 466 6150 11540 22005 13 271 8160 369 279 2923 13909 28253 31626 314 1204 279 1970 13081 411 6607 1105 25 271 13962 14392 220 16 25 10636 21473 27632 22738 198 760
[schedule] kind=measure rep=1 mode=1 prefill_lo=4 prefill_producer_hc=4
[shared-epilogue-capture] uid=7 mode=1 sites=48
[hc-upmix-row8-capture] uid=7 mode=1 sites=96
[shared-epilogue-capture] uid=8 mode=1 sites=48
[hc-upmix-row8-capture] uid=8 mode=1 sites=96
[shared_epilogue_counts] rep=1 mode=1 host=192 replay=12096 logical=12288 skipped_pairs_host=192
[upmix_row8_counts] rep=1 mode=1 host=384 replay=24192 logical=24576
[graph_producer_q8_counts] rep=1 mode=1 eager=2 capture=2 replay=252 seals=2 expert_host=384 sh_host=192 sh_logical=12288 hc_host=380 hc_replay=23940 hc_logical=24320 lo_host=388 lo_replay=24444 lo_logical=24832 ab_host=144 ab_replay=9072 ab_logical=9216 producer_gdn_host=144 producer_gdn_replay=9072 producer_gdn_logical=9216 producer_hc_host=380 producer_hc_replay=23940 producer_hc_logical=24320
[measure] rep=1 mode=1 tokens=256 decode_ms=9783.514945 ms_token=38.216855
[measure_tokens] rep=1 mode=1 27775 383 279 1970 3766 11 279 2972 12610 4818 6607 1105 332 369 279 2972 65777 1881 16923 85958 59780 318 44 4100 8 31255 11 6907 24693 11 321 1528 58377 2261 279 16401 9956 159034 271 1919 369 328 12610 4818 1 1521 424 17077 25 198 16 13 220 2972 8068 21473 29913 64700 31625 286 5081 3725 10885 27718 74 63 61444 553 198 17 13 220 2972 36079 20195 663 64700 561 1558 2493 4054 1132 1010 314 279 61444 318 68 1257 2487 4054 220 17 680 314 220 20 553 198 18 13 220 2972 1349 7065 45522 64700 561 81726 6297 321 7920 5134 1902 381 21748 1142 310 279 4581 1406 314 279 1483 348 52742 9 3817 11 2476 27482 279 63520 1528 364 279 17030 10885 13 198 19 13 220 2972 44 4100 16169 6702 3130 64700 561 380 4100 1901 30941 1141 1765 7920 1528 27718 76 765 1469 31789 321 3817 3712 27718 76 765 73555 31789 864 1902 381 20808 440 279 1822 36076 579 1528 1238 264 58377 13 198 20 13 220 2972 76867 14 6322 41173 473 64700 5788 411 3050 2424 369 16401 11 279 1510 13216 63 12102 4774 3203 829 7320 11 7063 279 1528 1902 381 21094 2272 85364 466 6150 11540 22005 13 271 8160 369 279 2923 13909 28253 31626 314 1204 279 1970 13081 411 6607 1105 25 271 13962 14392 220 16 25 10636 21473 27632 22738 198 760
[schedule] kind=measure rep=2 mode=0 prefill_lo=4 prefill_producer_hc=4
[shared-epilogue-capture] uid=9 mode=0 sites=0
[hc-upmix-row8-capture] uid=9 mode=1 sites=96
[shared-epilogue-capture] uid=10 mode=0 sites=0
[hc-upmix-row8-capture] uid=10 mode=1 sites=96
[shared_epilogue_counts] rep=2 mode=0 host=0 replay=0 logical=0 skipped_pairs_host=0
[upmix_row8_counts] rep=2 mode=0 host=384 replay=24192 logical=24576
[graph_producer_q8_counts] rep=2 mode=0 eager=2 capture=2 replay=252 seals=2 expert_host=384 sh_host=192 sh_logical=12288 hc_host=380 hc_replay=23940 hc_logical=24320 lo_host=388 lo_replay=24444 lo_logical=24832 ab_host=144 ab_replay=9072 ab_logical=9216 producer_gdn_host=144 producer_gdn_replay=9072 producer_gdn_logical=9216 producer_hc_host=380 producer_hc_replay=23940 producer_hc_logical=24320
[measure] rep=2 mode=0 tokens=256 decode_ms=9793.675305 ms_token=38.256544
[measure_tokens] rep=2 mode=0 27775 383 279 1970 3766 11 279 2972 12610 4818 6607 1105 332 369 279 2972 65777 1881 16923 85958 59780 318 44 4100 8 31255 11 6907 24693 11 321 1528 58377 2261 279 16401 9956 159034 271 1919 369 328 12610 4818 1 1521 424 17077 25 198 16 13 220 2972 8068 21473 29913 64700 31625 286 5081 3725 10885 27718 74 63 61444 553 198 17 13 220 2972 36079 20195 663 64700 561 1558 2493 4054 1132 1010 314 279 61444 318 68 1257 2487 4054 220 17 680 314 220 20 553 198 18 13 220 2972 1349 7065 45522 64700 561 81726 6297 321 7920 5134 1902 381 21748 1142 310 279 4581 1406 314 279 1483 348 52742 9 3817 11 2476 27482 279 63520 1528 364 279 17030 10885 13 198 19 13 220 2972 44 4100 16169 6702 3130 64700 561 380 4100 1901 30941 1141 1765 7920 1528 27718 76 765 1469 31789 321 3817 3712 27718 76 765 73555 31789 864 1902 381 20808 440 279 1822 36076 579 1528 1238 264 58377 13 198 20 13 220 2972 76867 14 6322 41173 473 64700 5788 411 3050 2424 369 16401 11 279 1510 13216 63 12102 4774 3203 829 7320 11 7063 279 1528 1902 381 21094 2272 85364 466 6150 11540 22005 13 271 8160 369 279 2923 13909 28253 31626 314 1204 279 1970 13081 411 6607 1105 25 271 13962 14392 220 16 25 10636 21473 27632 22738 198 760
[schedule] kind=measure rep=3 mode=1 prefill_lo=4 prefill_producer_hc=4
[shared-epilogue-capture] uid=11 mode=1 sites=48
[hc-upmix-row8-capture] uid=11 mode=1 sites=96
[shared-epilogue-capture] uid=12 mode=1 sites=48
[hc-upmix-row8-capture] uid=12 mode=1 sites=96
[shared_epilogue_counts] rep=3 mode=1 host=192 replay=12096 logical=12288 skipped_pairs_host=192
[upmix_row8_counts] rep=3 mode=1 host=384 replay=24192 logical=24576
[graph_producer_q8_counts] rep=3 mode=1 eager=2 capture=2 replay=252 seals=2 expert_host=384 sh_host=192 sh_logical=12288 hc_host=380 hc_replay=23940 hc_logical=24320 lo_host=388 lo_replay=24444 lo_logical=24832 ab_host=144 ab_replay=9072 ab_logical=9216 producer_gdn_host=144 producer_gdn_replay=9072 producer_gdn_logical=9216 producer_hc_host=380 producer_hc_replay=23940 producer_hc_logical=24320
[measure] rep=3 mode=1 tokens=256 decode_ms=9777.009405 ms_token=38.191443
[measure_tokens] rep=3 mode=1 27775 383 279 1970 3766 11 279 2972 12610 4818 6607 1105 332 369 279 2972 65777 1881 16923 85958 59780 318 44 4100 8 31255 11 6907 24693 11 321 1528 58377 2261 279 16401 9956 159034 271 1919 369 328 12610 4818 1 1521 424 17077 25 198 16 13 220 2972 8068 21473 29913 64700 31625 286 5081 3725 10885 27718 74 63 61444 553 198 17 13 220 2972 36079 20195 663 64700 561 1558 2493 4054 1132 1010 314 279 61444 318 68 1257 2487 4054 220 17 680 314 220 20 553 198 18 13 220 2972 1349 7065 45522 64700 561 81726 6297 321 7920 5134 1902 381 21748 1142 310 279 4581 1406 314 279 1483 348 52742 9 3817 11 2476 27482 279 63520 1528 364 279 17030 10885 13 198 19 13 220 2972 44 4100 16169 6702 3130 64700 561 380 4100 1901 30941 1141 1765 7920 1528 27718 76 765 1469 31789 321 3817 3712 27718 76 765 73555 31789 864 1902 381 20808 440 279 1822 36076 579 1528 1238 264 58377 13 198 20 13 220 2972 76867 14 6322 41173 473 64700 5788 411 3050 2424 369 16401 11 279 1510 13216 63 12102 4774 3203 829 7320 11 7063 279 1528 1902 381 21094 2272 85364 466 6150 11540 22005 13 271 8160 369 279 2923 13909 28253 31626 314 1204 279 1970 13081 411 6607 1105 25 271 13962 14392 220 16 25 10636 21473 27632 22738 198 760
[schedule] kind=measure rep=4 mode=1 prefill_lo=4 prefill_producer_hc=4
[shared-epilogue-capture] uid=13 mode=1 sites=48
[hc-upmix-row8-capture] uid=13 mode=1 sites=96
[shared-epilogue-capture] uid=14 mode=1 sites=48
[hc-upmix-row8-capture] uid=14 mode=1 sites=96
[shared_epilogue_counts] rep=4 mode=1 host=192 replay=12096 logical=12288 skipped_pairs_host=192
[upmix_row8_counts] rep=4 mode=1 host=384 replay=24192 logical=24576
[graph_producer_q8_counts] rep=4 mode=1 eager=2 capture=2 replay=252 seals=2 expert_host=384 sh_host=192 sh_logical=12288 hc_host=380 hc_replay=23940 hc_logical=24320 lo_host=388 lo_replay=24444 lo_logical=24832 ab_host=144 ab_replay=9072 ab_logical=9216 producer_gdn_host=144 producer_gdn_replay=9072 producer_gdn_logical=9216 producer_hc_host=380 producer_hc_replay=23940 producer_hc_logical=24320
[measure] rep=4 mode=1 tokens=256 decode_ms=9784.193620 ms_token=38.219506
[measure_tokens] rep=4 mode=1 27775 383 279 1970 3766 11 279 2972 12610 4818 6607 1105 332 369 279 2972 65777 1881 16923 85958 59780 318 44 4100 8 31255 11 6907 24693 11 321 1528 58377 2261 279 16401 9956 159034 271 1919 369 328 12610 4818 1 1521 424 17077 25 198 16 13 220 2972 8068 21473 29913 64700 31625 286 5081 3725 10885 27718 74 63 61444 553 198 17 13 220 2972 36079 20195 663 64700 561 1558 2493 4054 1132 1010 314 279 61444 318 68 1257 2487 4054 220 17 680 314 220 20 553 198 18 13 220 2972 1349 7065 45522 64700 561 81726 6297 321 7920 5134 1902 381 21748 1142 310 279 4581 1406 314 279 1483 348 52742 9 3817 11 2476 27482 279 63520 1528 364 279 17030 10885 13 198 19 13 220 2972 44 4100 16169 6702 3130 64700 561 380 4100 1901 30941 1141 1765 7920 1528 27718 76 765 1469 31789 321 3817 3712 27718 76 765 73555 31789 864 1902 381 20808 440 279 1822 36076 579 1528 1238 264 58377 13 198 20 13 220 2972 76867 14 6322 41173 473 64700 5788 411 3050 2424 369 16401 11 279 1510 13216 63 12102 4774 3203 829 7320 11 7063 279 1528 1902 381 21094 2272 85364 466 6150 11540 22005 13 271 8160 369 279 2923 13909 28253 31626 314 1204 279 1970 13081 411 6607 1105 25 271 13962 14392 220 16 25 10636 21473 27632 22738 198 760
[schedule] kind=measure rep=5 mode=0 prefill_lo=4 prefill_producer_hc=4
[shared-epilogue-capture] uid=15 mode=0 sites=0
[hc-upmix-row8-capture] uid=15 mode=1 sites=96
[shared-epilogue-capture] uid=16 mode=0 sites=0
[hc-upmix-row8-capture] uid=16 mode=1 sites=96
[shared_epilogue_counts] rep=5 mode=0 host=0 replay=0 logical=0 skipped_pairs_host=0
[upmix_row8_counts] rep=5 mode=0 host=384 replay=24192 logical=24576
[graph_producer_q8_counts] rep=5 mode=0 eager=2 capture=2 replay=252 seals=2 expert_host=384 sh_host=192 sh_logical=12288 hc_host=380 hc_replay=23940 hc_logical=24320 lo_host=388 lo_replay=24444 lo_logical=24832 ab_host=144 ab_replay=9072 ab_logical=9216 producer_gdn_host=144 producer_gdn_replay=9072 producer_gdn_logical=9216 producer_hc_host=380 producer_hc_replay=23940 producer_hc_logical=24320
[measure] rep=5 mode=0 tokens=256 decode_ms=9797.378325 ms_token=38.271009
[measure_tokens] rep=5 mode=0 27775 383 279 1970 3766 11 279 2972 12610 4818 6607 1105 332 369 279 2972 65777 1881 16923 85958 59780 318 44 4100 8 31255 11 6907 24693 11 321 1528 58377 2261 279 16401 9956 159034 271 1919 369 328 12610 4818 1 1521 424 17077 25 198 16 13 220 2972 8068 21473 29913 64700 31625 286 5081 3725 10885 27718 74 63 61444 553 198 17 13 220 2972 36079 20195 663 64700 561 1558 2493 4054 1132 1010 314 279 61444 318 68 1257 2487 4054 220 17 680 314 220 20 553 198 18 13 220 2972 1349 7065 45522 64700 561 81726 6297 321 7920 5134 1902 381 21748 1142 310 279 4581 1406 314 279 1483 348 52742 9 3817 11 2476 27482 279 63520 1528 364 279 17030 10885 13 198 19 13 220 2972 44 4100 16169 6702 3130 64700 561 380 4100 1901 30941 1141 1765 7920 1528 27718 76 765 1469 31789 321 3817 3712 27718 76 765 73555 31789 864 1902 381 20808 440 279 1822 36076 579 1528 1238 264 58377 13 198 20 13 220 2972 76867 14 6322 41173 473 64700 5788 411 3050 2424 369 16401 11 279 1510 13216 63 12102 4774 3203 829 7320 11 7063 279 1528 1902 381 21094 2272 85364 466 6150 11540 22005 13 271 8160 369 279 2923 13909 28253 31626 314 1204 279 1970 13081 411 6607 1105 25 271 13962 14392 220 16 25 10636 21473 27632 22738 198 760
[schedule] kind=measure rep=6 mode=1 prefill_lo=4 prefill_producer_hc=4
[shared-epilogue-capture] uid=17 mode=1 sites=48
[hc-upmix-row8-capture] uid=17 mode=1 sites=96
[shared-epilogue-capture] uid=18 mode=1 sites=48
[hc-upmix-row8-capture] uid=18 mode=1 sites=96
[shared_epilogue_counts] rep=6 mode=1 host=192 replay=12096 logical=12288 skipped_pairs_host=192
[upmix_row8_counts] rep=6 mode=1 host=384 replay=24192 logical=24576
[graph_producer_q8_counts] rep=6 mode=1 eager=2 capture=2 replay=252 seals=2 expert_host=384 sh_host=192 sh_logical=12288 hc_host=380 hc_replay=23940 hc_logical=24320 lo_host=388 lo_replay=24444 lo_logical=24832 ab_host=144 ab_replay=9072 ab_logical=9216 producer_gdn_host=144 producer_gdn_replay=9072 producer_gdn_logical=9216 producer_hc_host=380 producer_hc_replay=23940 producer_hc_logical=24320
[measure] rep=6 mode=1 tokens=256 decode_ms=9788.885261 ms_token=38.237833
[measure_tokens] rep=6 mode=1 27775 383 279 1970 3766 11 279 2972 12610 4818 6607 1105 332 369 279 2972 65777 1881 16923 85958 59780 318 44 4100 8 31255 11 6907 24693 11 321 1528 58377 2261 279 16401 9956 159034 271 1919 369 328 12610 4818 1 1521 424 17077 25 198 16 13 220 2972 8068 21473 29913 64700 31625 286 5081 3725 10885 27718 74 63 61444 553 198 17 13 220 2972 36079 20195 663 64700 561 1558 2493 4054 1132 1010 314 279 61444 318 68 1257 2487 4054 220 17 680 314 220 20 553 198 18 13 220 2972 1349 7065 45522 64700 561 81726 6297 321 7920 5134 1902 381 21748 1142 310 279 4581 1406 314 279 1483 348 52742 9 3817 11 2476 27482 279 63520 1528 364 279 17030 10885 13 198 19 13 220 2972 44 4100 16169 6702 3130 64700 561 380 4100 1901 30941 1141 1765 7920 1528 27718 76 765 1469 31789 321 3817 3712 27718 76 765 73555 31789 864 1902 381 20808 440 279 1822 36076 579 1528 1238 264 58377 13 198 20 13 220 2972 76867 14 6322 41173 473 64700 5788 411 3050 2424 369 16401 11 279 1510 13216 63 12102 4774 3203 829 7320 11 7063 279 1528 1902 381 21094 2272 85364 466 6150 11540 22005 13 271 8160 369 279 2923 13909 28253 31626 314 1204 279 1970 13081 411 6607 1105 25 271 13962 14392 220 16 25 10636 21473 27632 22738 198 760
[schedule] kind=measure rep=7 mode=0 prefill_lo=4 prefill_producer_hc=4
[shared-epilogue-capture] uid=19 mode=0 sites=0
[hc-upmix-row8-capture] uid=19 mode=1 sites=96
[shared-epilogue-capture] uid=20 mode=0 sites=0
[hc-upmix-row8-capture] uid=20 mode=1 sites=96
[shared_epilogue_counts] rep=7 mode=0 host=0 replay=0 logical=0 skipped_pairs_host=0
[upmix_row8_counts] rep=7 mode=0 host=384 replay=24192 logical=24576
[graph_producer_q8_counts] rep=7 mode=0 eager=2 capture=2 replay=252 seals=2 expert_host=384 sh_host=192 sh_logical=12288 hc_host=380 hc_replay=23940 hc_logical=24320 lo_host=388 lo_replay=24444 lo_logical=24832 ab_host=144 ab_replay=9072 ab_logical=9216 producer_gdn_host=144 producer_gdn_replay=9072 producer_gdn_logical=9216 producer_hc_host=380 producer_hc_replay=23940 producer_hc_logical=24320
[measure] rep=7 mode=0 tokens=256 decode_ms=9807.187399 ms_token=38.309326
[measure_tokens] rep=7 mode=0 27775 383 279 1970 3766 11 279 2972 12610 4818 6607 1105 332 369 279 2972 65777 1881 16923 85958 59780 318 44 4100 8 31255 11 6907 24693 11 321 1528 58377 2261 279 16401 9956 159034 271 1919 369 328 12610 4818 1 1521 424 17077 25 198 16 13 220 2972 8068 21473 29913 64700 31625 286 5081 3725 10885 27718 74 63 61444 553 198 17 13 220 2972 36079 20195 663 64700 561 1558 2493 4054 1132 1010 314 279 61444 318 68 1257 2487 4054 220 17 680 314 220 20 553 198 18 13 220 2972 1349 7065 45522 64700 561 81726 6297 321 7920 5134 1902 381 21748 1142 310 279 4581 1406 314 279 1483 348 52742 9 3817 11 2476 27482 279 63520 1528 364 279 17030 10885 13 198 19 13 220 2972 44 4100 16169 6702 3130 64700 561 380 4100 1901 30941 1141 1765 7920 1528 27718 76 765 1469 31789 321 3817 3712 27718 76 765 73555 31789 864 1902 381 20808 440 279 1822 36076 579 1528 1238 264 58377 13 198 20 13 220 2972 76867 14 6322 41173 473 64700 5788 411 3050 2424 369 16401 11 279 1510 13216 63 12102 4774 3203 829 7320 11 7063 279 1528 1902 381 21094 2272 85364 466 6150 11540 22005 13 271 8160 369 279 2923 13909 28253 31626 314 1204 279 1970 13081 411 6607 1105 25 271 13962 14392 220 16 25 10636 21473 27632 22738 198 760
GPU_EXEC_DONE rc=0
